Change Log
Version 2.2.7 - 2026.09.05
Fixed Location of Wrothgar Treasure Map IV

Version 2.2.6 - 2026.08.10
API bump for U51
Added Scrivener's Treasure Map in the Rift

Version 2.2.5 - 2026.07.19
Fine tuning of some resets

Version 2.2.4 - 2026.05.26
Updates on Craglorn survey resets

Version 2.2.3 - 2026.05.19
Fixed a typo in Alik'r jewelry location
Adjusted a few directional arrow angles to better match the reset.

Version 2.2.2 - 2026.05.18
Better icon for map and compass pins

Verison 2.2.1 - 2026.05.18
Fixed version number in manifest

Version 2.2.0 - 2026.05.18
Added new feature to show pins on your map and compass for the locations of surveys and treasure maps
The optional LibMapPins-1.0 and CustomCompassPins are needed to enable this feature
These pins are disabled by default; there are two different ways to enable or disable these pins
Via the settings panel for the addon
Via map filters
This feature was added because this addon already needs to maintain data about locations for surveys and treasure maps, so it made sense to use that data for map and compass pins as well and allow the user to streamline and consolidate features that used to require multiple addons down to one.[/list]

Moved strings to a separate language file for potential multilingual support
Fixed typo with the Alik'r Blacksmithing survey

Version 2.1.0 - 2026.05.16
Continued updates of resets
Code Optimizations (thanks @Code65536)
New settings menu (requires LAM) for adjusting marker colors and toggling vertical markers on both surveys and treasure maps. (thanks @Code65536)
Added locations of surveys to enable vertical markers at survey location

Version 2.0.10 - 2026.05.10
Continued updates of resets
Miscellaneous code cleanup

Version 2.0.9 - 2026.04.26
Continued updates of resets - Continued thanks to Frank.O for their testing!

Version 2.0.8 - 2026.04.05
Continued updates of resets

Version 2.0.7 - 2026.03.31
Continued updates of resets

Version 2.0.6 - 2026.03.21
Continued updates of resets
Split marker data into a separate file for easier readability
Added function ('/rmdiag') to display diagnostic information

Version 2.0.5 - 2026.03.11
Fixed a performance bug introduced in 2.0.4

Verison 2.0.4 - 2026.03.11
Fix for the non-clearing of markers for treasure maps upon use

Version 2.0.3 - 2026.03.07
Fixed typo that was causing a UI error

Version 2.0.2 - 2026.03.07
Continued updates of resets

Version 2.0.1 - 2026.02.14
Continued updates of resets
Slash command '/rmtoggle' will add a vertical pin to treasure map dig locations for visibility (was in 2.0.0, but missed in change log)

Version 2.0.0 - 2026.02.08
Name change to Reset Markers with the addition of treasure map resets
Added support for treasure map resets
Huge thanks to @Frank.O for all the help with the treasure map locations and updating many resets.

Version 1.2.6 - 2026.01.15
API bump to 101049
Continued updates of survey resets

Version 1.2.5 - 2025.12.07
Continued updates of survey resets

Version 1.2.4 - 2025.10.27
Continued updates of survey resets

Version 1.2.3 - 2025.10.05
Continued updates of survey resets

Version 1.2.2 - 2025.09.22
Continued updates of survey resets

Version 1.2.1 - 2025.09.14
Addition of last 2 Solstice survey resets
Continued updates of survey resets

Version 1.2.0 - 2025.09.11
Added Survey Count numbers to directional arrows up to 9 (10 or more will show as >9)
Added vertical pin to turnaround icon for greater visibility
Requires LCA 0.7.0 or later to work
Continued updates of survey resets

Version 1.1.4 - 2025.09.07
Continued updates of survey resets

Version 1.1.3 - 2025.09.06
Continued updates of survey resets

Version 1.1.2 - 2025.09.02
Fixed mistake with Alik'r and Rivenspire Clothing Surveys
Updated several nodes
Increased size of the turnaround icon

Version 1.1.1 - 2025.09.01
Fixed an issue where updating markers based on changes to surveys in your inventory might sometimes break after changing zones

Version 1.1.0 - 2025.09.01
Updated data structure
Code optimizations
Added features where markers will only show on surveys in your inventory
Much thanks to @code65536 for helping with the coding.
Updated several nodes (Craglorn Cloth I, Auridon Cloth, Deshaan Cloth) - Thanks to those who've submitted them!

Version 1.0.0 - 2025.08.29
Initial Release
